GAS LISTING /tmp/ccUIoxej.s 			page 1


   1               		.file	"main.c"
   2               	__SREG__ = 0x3f
   3               	__SP_H__ = 0x3e
   4               	__SP_L__ = 0x3d
   5               	__tmp_reg__ = 0
   6               	__zero_reg__ = 1
   7               		.global __do_copy_data
   8               		.global __do_clear_bss
   9               		.stabs	"/media/sda4/code/atmel/atmega32/simulavr/",100,0,2,.Ltext0
  10               		.stabs	"main.c",100,0,2,.Ltext0
  11               		.text
  12               	.Ltext0:
  13               		.stabs	"gcc2_compiled.",60,0,0,0
  14               		.stabs	"int:t(0,1)=r(0,1);-32768;32767;",128,0,0,0
  15               		.stabs	"char:t(0,2)=@s8;r(0,2);0;255;",128,0,0,0
  16               		.stabs	"long int:t(0,3)=@s32;r(0,3);020000000000;017777777777;",128,0,0,0
  17               		.stabs	"unsigned int:t(0,4)=r(0,4);0;0177777;",128,0,0,0
  18               		.stabs	"long unsigned int:t(0,5)=@s32;r(0,5);0;037777777777;",128,0,0,0
  19               		.stabs	"long long int:t(0,6)=@s64;r(0,6);01000000000000000000000;0777777777777777777777;",128,0,0,
  20               		.stabs	"long long unsigned int:t(0,7)=@s64;r(0,7);0;01777777777777777777777;",128,0,0,0
  21               		.stabs	"short int:t(0,8)=r(0,8);-32768;32767;",128,0,0,0
  22               		.stabs	"short unsigned int:t(0,9)=r(0,9);0;0177777;",128,0,0,0
  23               		.stabs	"signed char:t(0,10)=@s8;r(0,10);-128;127;",128,0,0,0
  24               		.stabs	"unsigned char:t(0,11)=@s8;r(0,11);0;255;",128,0,0,0
  25               		.stabs	"float:t(0,12)=r(0,1);4;0;",128,0,0,0
  26               		.stabs	"double:t(0,13)=r(0,1);4;0;",128,0,0,0
  27               		.stabs	"long double:t(0,14)=r(0,1);4;0;",128,0,0,0
  28               		.stabs	"void:t(0,15)=(0,15)",128,0,0,0
  29               		.stabs	"main.h",130,0,0,0
  30               		.stabs	"/usr/local/lib/gcc/avr/4.2.1/../../../../avr/include/avr/io.h",130,0,0,0
  31               		.stabs	"/usr/local/lib/gcc/avr/4.2.1/../../../../avr/include/avr/sfr_defs.h",130,0,0,0
  32               		.stabs	"/usr/local/lib/gcc/avr/4.2.1/../../../../avr/include/inttypes.h",130,0,0,0
  33               		.stabs	"/usr/local/lib/gcc/avr/4.2.1/../../../../avr/include/stdint.h",130,0,0,0
  34               		.stabs	"int8_t:t(5,1)=(0,10)",128,0,116,0
  35               		.stabs	"uint8_t:t(5,2)=(0,11)",128,0,117,0
  36               		.stabs	"int16_t:t(5,3)=(0,1)",128,0,118,0
  37               		.stabs	"uint16_t:t(5,4)=(0,4)",128,0,119,0
  38               		.stabs	"int32_t:t(5,5)=(0,3)",128,0,120,0
  39               		.stabs	"uint32_t:t(5,6)=(0,5)",128,0,121,0
  40               		.stabs	"int64_t:t(5,7)=(0,6)",128,0,122,0
  41               		.stabs	"uint64_t:t(5,8)=(0,7)",128,0,123,0
  42               		.stabs	"intptr_t:t(5,9)=(5,3)",128,0,135,0
  43               		.stabs	"uintptr_t:t(5,10)=(5,4)",128,0,140,0
  44               		.stabs	"int_least8_t:t(5,11)=(5,1)",128,0,152,0
  45               		.stabs	"uint_least8_t:t(5,12)=(5,2)",128,0,157,0
  46               		.stabs	"int_least16_t:t(5,13)=(5,3)",128,0,162,0
  47               		.stabs	"uint_least16_t:t(5,14)=(5,4)",128,0,167,0
  48               		.stabs	"int_least32_t:t(5,15)=(5,5)",128,0,172,0
  49               		.stabs	"uint_least32_t:t(5,16)=(5,6)",128,0,177,0
  50               		.stabs	"int_least64_t:t(5,17)=(5,7)",128,0,182,0
  51               		.stabs	"uint_least64_t:t(5,18)=(5,8)",128,0,187,0
  52               		.stabs	"int_fast8_t:t(5,19)=(5,1)",128,0,200,0
  53               		.stabs	"uint_fast8_t:t(5,20)=(5,2)",128,0,205,0
  54               		.stabs	"int_fast16_t:t(5,21)=(5,3)",128,0,210,0
  55               		.stabs	"uint_fast16_t:t(5,22)=(5,4)",128,0,215,0
  56               		.stabs	"int_fast32_t:t(5,23)=(5,5)",128,0,220,0
  57               		.stabs	"uint_fast32_t:t(5,24)=(5,6)",128,0,225,0
GAS LISTING /tmp/ccUIoxej.s 			page 2


  58               		.stabs	"int_fast64_t:t(5,25)=(5,7)",128,0,230,0
  59               		.stabs	"uint_fast64_t:t(5,26)=(5,8)",128,0,235,0
  60               		.stabs	"intmax_t:t(5,27)=(5,7)",128,0,249,0
  61               		.stabs	"uintmax_t:t(5,28)=(5,8)",128,0,254,0
  62               		.stabn	162,0,0,0
  63               		.stabs	"int_farptr_t:t(4,1)=(5,5)",128,0,76,0
  64               		.stabs	"uint_farptr_t:t(4,2)=(5,6)",128,0,80,0
  65               		.stabn	162,0,0,0
  66               		.stabn	162,0,0,0
  67               		.stabn	162,0,0,0
  68               		.stabn	162,0,0,0
  69               		.stabs	"init:F(0,15)",36,0,4,init
  70               	.global	init
  71               		.type	init, @function
  72               	init:
  73               		.stabd	46,0,0
   1:main.c        **** #include "main.h"
   2:main.c        **** 
   3:main.c        **** void init(void)
   4:main.c        **** {
  74               		.stabn	68,0,4,.LM0-.LFBB1
  75               	.LM0:
  76               	.LFBB1:
  77               	/* prologue: frame size=0 */
  78               	/* prologue end (size=0) */
   5:main.c        **** 	// allow power to stabilize
   6:main.c        **** 	// _delay_ms(250);
   7:main.c        **** 
   8:main.c        **** 	// disable jtag
   9:main.c        **** 	// MCUCSR = MCUCSR | 0x80;
  10:main.c        **** 	// MCUCSR = MCUCSR | 0x80;
  11:main.c        **** 
  12:main.c        **** 	// port settings
  13:main.c        **** 	DDRD = 0xFF;
  79               		.stabn	68,0,13,.LM1-.LFBB1
  80               	.LM1:
  81 0000 8FEF      		ldi r24,lo8(-1)
  82 0002 81BB      		out 49-0x20,r24
  14:main.c        **** 	PORTD = 0x00;
  83               		.stabn	68,0,14,.LM2-.LFBB1
  84               	.LM2:
  85 0004 12BA      		out 50-0x20,__zero_reg__
  86               	/* epilogue: frame size=0 */
  87 0006 0895      		ret
  88               	/* epilogue end (size=1) */
  89               	/* function init size 4 (3) */
  90               		.size	init, .-init
  91               	.Lscope1:
  92               		.stabs	"",36,0,0,.Lscope1-.LFBB1
  93               		.stabd	78,0,0
  94               		.stabs	"main:F(0,1)",36,0,20,main
  95               	.global	main
  96               		.type	main, @function
  97               	main:
  98               		.stabd	46,0,0
  15:main.c        **** 
  16:main.c        **** 	return;
GAS LISTING /tmp/ccUIoxej.s 			page 3


  17:main.c        **** }
  18:main.c        **** 
  19:main.c        **** int main(void)
  20:main.c        **** {
  99               		.stabn	68,0,20,.LM3-.LFBB2
 100               	.LM3:
 101               	.LFBB2:
 102               	/* prologue: frame size=0 */
 103 0008 C0E0      		ldi r28,lo8(__stack - 0)
 104 000a D0E0      		ldi r29,hi8(__stack - 0)
 105 000c DEBF      		out __SP_H__,r29
 106 000e CDBF      		out __SP_L__,r28
 107               	/* prologue end (size=4) */
 108               	.LBB4:
 109               	.LBB5:
 110               		.stabn	68,0,13,.LM4-.LFBB2
 111               	.LM4:
 112 0010 8FEF      		ldi r24,lo8(-1)
 113 0012 81BB      		out 49-0x20,r24
 114               		.stabn	68,0,14,.LM5-.LFBB2
 115               	.LM5:
 116 0014 12BA      		out 50-0x20,__zero_reg__
 117               	.L4:
 118 0016 00C0      		rjmp .L4
 119               	.LBE5:
 120               	.LBE4:
 121               	/* epilogue: frame size=0 */
 122               	/* epilogue: noreturn */
 123               	/* epilogue end (size=0) */
 124               	/* function main size 8 (4) */
 125               		.size	main, .-main
 126               	.Lscope2:
 127               		.stabs	"",36,0,0,.Lscope2-.LFBB2
 128               		.stabd	78,0,0
 129               		.stabs	"",100,0,0,.Letext0
 130               	.Letext0:
 131               	/* File "main.c": code   12 = 0x000c (   7), prologues   4, epilogues   1 */
GAS LISTING /tmp/ccUIoxej.s 			page 4


DEFINED SYMBOLS
                            *ABS*:00000000 main.c
     /tmp/ccUIoxej.s:2      *ABS*:0000003f __SREG__
     /tmp/ccUIoxej.s:3      *ABS*:0000003e __SP_H__
     /tmp/ccUIoxej.s:4      *ABS*:0000003d __SP_L__
     /tmp/ccUIoxej.s:5      *ABS*:00000000 __tmp_reg__
     /tmp/ccUIoxej.s:6      *ABS*:00000001 __zero_reg__
     /tmp/ccUIoxej.s:72     .text:00000000 init
     /tmp/ccUIoxej.s:97     .text:00000008 main

UNDEFINED SYMBOLS
__do_copy_data
__do_clear_bss
__stack
