   1               	# 1 "suart.S"
   1               	;---------------------------------------------------------------------------;
   0               	
   0               	
   2               	; Software implemented UART via an ISP cable.                               ;
   3               	; (C)ChaN, 2005 (http://elm-chan.org/)                                      ;
   4               	;---------------------------------------------------------------------------;
   5               	; MOSI and MISO are used as inverted signals to connect to RS-232C line
   6               	; directly. The MISO pin must be configured as an output before using xmit().
   7               	; Following definitions must be changed for each device, clock and bps.
   8               	; Pin definitions are for most 20/40 pin devices except for TN26.
   9               	; Any interrupt during xmit() or rcvr() is being executed will be defered
  10               	; until end of the function. When use xmit() with any interrupt, choose
  11               	; higher bit rate as possible to minimize critical time. But rcvr() and any
  12               	; interrupt cannot be used simultaneously.
  13               	;
  14               	;            1MHz  2MHz  4MHz  6MHz  8MHz  10MHz  12MHz  16MHz  20MHz
  15               	;   2.4kbps   138     -     -     -     -      -      -      -      -
  16               	;   4.8kbps    68   138     -     -     -      -      -      -      -
  17               	;   9.6kbps    33    68   138   208     -      -      -      -      -
  18               	;  19.2kbps     -    33    68   102   138    173    208      -      -
  19               	;  38.4kbps     -     -    33    50    68     85    102    138    172
  20               	;  57.6kbps     -     -    21    33    44     56     68     91    114
  21               	; 115.2kbps     -     -     -     -    21     27     33     44     56
  22               	
  25               	.list
  26               	
  27               	#define	BPS	138	/* Bit delay. (see above) */
  28               	
  29               	#define	TXREG	_SFR_IO_ADDR(PORTB)	/* MISO: Port and bit position */
  30               	#define	TXBIT	PB6
  31               	#define RXREG	_SFR_IO_ADDR(PINB)	/* MOSI: Port and bit position */
  32               	#define	RXBIT	PB5
  33               	
  34               	#define USE_OUTPUT	/* Remove this when output functions are not needed */
  35               	#define USE_INPUT	/* Remove this when input functions are not needed */
  36               	#define USE_STRFUNCS	/* Remove this when string functions are not needed */
  37               	
  38               	
  39               	#ifdef SPM_PAGESIZE
  40               	.macro	_LPMI	reg
  41               		lpm	\reg, Z+
  42               	.endm
  43               	.macro	_MOVW	dh,dl, sh,sl
  44               		movw	\dl, \sl
  45               	.endm
  46               	#else
  47               	.macro	_LPMI	reg
  48               		lpm
  49               		mov	\reg, r0
  50               		adiw	ZL, 1
  51               	.endm
  52               	.macro	_MOVW	dh,dl, sh,sl
  53               		mov	\dl, \sl
  54               		mov	\dh, \sh
  55               	.endm
  56               	#endif
  57               	
  58               	
  59               	
  60               	#ifdef	USE_OUTPUT
  61               	;---------------------------------------------------------------------------;
  62               	; Transmit a byte in serial format of N81
  63               	;
  64               	;Prototype: void xmit (uint8_t data);
  65               	;Size: 16 words
  66               	
  67               	.global xmit
  68               	.func xmit
  69               	xmit:
  70:suart.S       **** 	in	r0, _SFR_IO_ADDR(SREG)	;Save flags
  71               	
  72:suart.S       **** 	com	r24		;C = start bit
  73:suart.S       **** 	ldi	r25, 10		;Bit counter
  74:suart.S       **** 	cli			;Start critical section
  75               	
  76:suart.S       **** 1:	ldi	r23, BPS-1	;----- Bit transferring loop 
  77:suart.S       **** 2:	dec	r23     	;Wait for a bit time
  78:suart.S       **** 	brne	2b		;/
  79:suart.S       **** 	brcs	3f		;MISO = bit to be sent
  80:suart.S       **** 	cbi	TXREG, TXBIT	;
  81:suart.S       **** 3:	brcc	4f		;
  82:suart.S       **** 	sbi	TXREG, TXBIT	;/
  83:suart.S       **** 4:	lsr	r24     	;Get next bit into C
  84:suart.S       **** 	dec	r25     	;All bits sent?
  85:suart.S       **** 	brne	1b	     	;  no, coutinue
  86               	
  87:suart.S       **** 	out	_SFR_IO_ADDR(SREG), r0	;End of critical section
  88:suart.S       **** 	ret
  89               	.endfunc
  90               	
  91               	
  92               	#ifdef USE_STRFUNCS
  93               	;---------------------------------------------------------------------------
  94               	; Transmit an ASCIZ string on the program memory
  95               	;
  96               	;Prototype: void xmitstr (const prog_char *str);
  97               	;Size: 10/7 words
  98               	
  99               	.global xmitstr
 100               	.func xmitstr
 101               	xmitstr:
 102:suart.S       **** 	_MOVW	ZH,ZL, r25,r24	;Pointer to ASCIZ string
 103:suart.S       **** 1:	_LPMI	r24		;Get a character
 104:suart.S       **** 	tst	r24      	;Exit if end of string
 105:suart.S       **** 	breq	2f		;/
 106:suart.S       **** 	rcall	xmit		;Transmit it
 107:suart.S       **** 	rjmp	1b	     	;Continue
 108:suart.S       **** 2:	ret
 109               	.endfunc
 110               	
 111               	
 112               	
 113               	;---------------------------------------------------------------------------
 114               	; Numeral string transmission
 115               	;
 116               	;Prototype: void xmitval (uint16_t value, int8_t base, int8_t digits);
 117               	;Size: 51 words
 118               	;
 119               	; value  base  digits   output
 120               	;   100    10       6   "   100"
 121               	;   100    10       1   "100"
 122               	;  1024    16       4   " 400"
 123               	;  1024    16      -4   "0400"
 124               	;  0x55     2      -8   "01010101"
 125               	; 65535   -10       1   "-1"
 126               	
 127               	.global xmitval
 128               	.func xmitval
 129               	xmitval:			;r25:r24:value, r22:base, r20:digits
 130:suart.S       **** 	clr	r19      	;r19:stack level
 131:suart.S       **** 	ldi	r30, ' '	;r30:sign
 132:suart.S       **** 	ldi	r31, ' '	;r31:filler
 133:suart.S       **** 	sbrs	r22, 7		;When base indicates signd format and the value
 134:suart.S       **** 	rjmp	0f		;is minus, add a '-'.
 135:suart.S       **** 	neg	r22		;
 136:suart.S       **** 	sbrs	r25, 7		;
 137:suart.S       **** 	rjmp	0f		;
 138:suart.S       **** 	ldi	r30, '-'	;
 139:suart.S       **** 	com	r24		;
 140:suart.S       **** 	com	r25		;
 141:suart.S       **** 	adc	r24, r1		;
 142:suart.S       **** 	adc	r25, r1		;/
 143:suart.S       **** 0:	sbrs	r20, 7		;When digits indicates zero filled,
 144:suart.S       **** 	rjmp	1f		;filler is '0'.
 145:suart.S       **** 	neg	r20		;
 146:suart.S       **** 	ldi	r31, '0'	;/
 147               					;----- string conversion loop
 148:suart.S       **** 1:	ldi	r21, 16		;r23 = r25:r24 \ r22
 149:suart.S       **** 	clr	r23		;r25:r24 /= r22
 150:suart.S       **** 2:	lsl	r24		;
 151:suart.S       **** 	rol	r25		;
 152:suart.S       **** 	rol	r23		;
 153:suart.S       **** 	cp	r23, r22	;
 154:suart.S       **** 	brcs	3f		;
 155:suart.S       **** 	sub	r23, r22	;
 156:suart.S       **** 	inc	r24		;
 157:suart.S       **** 3:	dec	r21		;
 158:suart.S       **** 	brne	2b		;/
 159:suart.S       **** 	cpi	r23, 10		;r23 is a numerical digit '0'-'F'
 160:suart.S       **** 	brcs	4f		;
 161:suart.S       **** 	subi	r23, -7		;
 162:suart.S       **** 4:	subi	r23, -'0'	;/
 163:suart.S       **** 	push	r23		;Stack it
 164:suart.S       **** 	inc	r19		;/
 165:suart.S       **** 	cp	r24, r21	;Repeat until r25:r25 gets zero
 166:suart.S       **** 	cpc	r25, r21	;
 167:suart.S       **** 	brne	1b		;/
 168               	
 169:suart.S       **** 	cpi	r30, '-'	;Stack a minus sign if needed
 170:suart.S       **** 	brne	5f		;
 171:suart.S       **** 	push	r30		;
 172:suart.S       **** 	inc	r19		;/
 173:suart.S       **** 5:	cp	r19, r20	;Stack filler
 174:suart.S       **** 	brcc	6f		;
 175:suart.S       **** 	push	r31		;
 176:suart.S       **** 	inc	r19		;
 177:suart.S       **** 	rjmp	5b		;/
 178               	
 179:suart.S       **** 6:	pop	r24		;Output stacked digits and exit
 180:suart.S       **** 	rcall	xmit		;
 181:suart.S       **** 	dec	r19		;
 182:suart.S       **** 	brne	6b		;
 183:suart.S       **** 	ret			;/
 184               	.endfunc
 185               	
 186               	
 187               	
 188               	;---------------------------------------------------------------------------;
 189               	; Formatted string transmission
 190               	;
 191               	;Prototype: void xmitf (const prog_char *format, ...);
 192               	;Size: 70/64 words
 193               	
 194               	.global xmitf
 195               	.func xmitf
 196               	xmitf:
 197:suart.S       **** 	in	XL, _SFR_IO_ADDR(SPL)
 198               	#ifdef SPH
 199:suart.S       **** 	in	XH, _SFR_IO_ADDR(SPH)
 200               	#else
 201               		clr	XH
 202               	#endif
 203:suart.S       **** 	adiw	XL, 3		;X = pointer to arguments
 204:suart.S       **** 	ld	ZL, X+		;Z = pointer to format string
 205:suart.S       **** 	ld	ZH, X+		;/
 206               	
 207:suart.S       **** 00:	_LPMI	r24		;Get a format char
 208:suart.S       **** 	cpi	r24, 0		;End of format string?
 209:suart.S       **** 	breq	90f		;/
 210:suart.S       **** 	cpi	r24, '%'	;Is format?
 211:suart.S       **** 	breq	20f		;/
 212:suart.S       **** 01:	rcall	xmit		;Put a normal character
 213:suart.S       **** 	rjmp	00b		;/
 214:suart.S       **** 90:	ret
 215               	
 216:suart.S       **** 20:	ldi	r20, 0		;r20: digits
 217:suart.S       **** 	clt			;T: filler
 218:suart.S       **** 21:	_LPMI	r24		;Get flags
 219:suart.S       **** 	cpi	r24, '%'	;Is '%'?
 220:suart.S       **** 	breq	01b		;/
 221:suart.S       **** 	cpi	r24, '0'	;Zero filled?
 222:suart.S       **** 	brne	23f		;
 223:suart.S       **** 	set			;/
 224:suart.S       **** 22:	_LPMI	r24		;Get width
 225:suart.S       **** 23:	cpi	r24, '9'+1	;
 226:suart.S       **** 	brcc	24f		;
 227:suart.S       **** 	subi	r24, '0'	;
 228:suart.S       **** 	brcs	90b		;
 229:suart.S       **** 	lsl	r20		;
 230:suart.S       **** 	mov	r0, r20		;
 231:suart.S       **** 	lsl	r20		;
 232:suart.S       **** 	lsl	r20		;
 233:suart.S       **** 	add	r20, r0		;
 234:suart.S       **** 	add	r20, r24	;
 235:suart.S       **** 	rjmp	22b		;/
 236               	
 237:suart.S       **** 24:	mov	r23, r24	;r23 = type
 238:suart.S       **** 	ld	r24, X+		;r25:r24 = value
 239:suart.S       **** 	ld	r25, X+		;/
 240:suart.S       **** 	cpi	r23, 'c'	;Is type character?
 241:suart.S       **** 	breq	01b		;/
 242:suart.S       **** 	cpi	r23, 's'	;Is type string?
 243:suart.S       **** 	breq	50f		;/
 244:suart.S       **** 	cpi	r23, 'X'	;Is type hexdecimal?
 245:suart.S       **** 	ldi	r22, 16		;
 246:suart.S       **** 	breq	40f		;/
 247:suart.S       **** 	cpi	r23, 'u'	;Is type unsigned decimal?
 248:suart.S       **** 	ldi	r22, 10		;
 249:suart.S       **** 	breq	40f		;/
 250:suart.S       **** 	cpi	r23, 'd'	;Is type signed decimal?
 251:suart.S       **** 	ldi	r22, -10	;
 252:suart.S       **** 	breq	40f		;/
 253:suart.S       **** 	cpi	r23, 'b'	;Is type binary?, or abort.
 254:suart.S       **** 	ldi	r22, 2		;
 255:suart.S       **** 	brne	90b		;/
 256:suart.S       **** 40:	brtc	41f		;Output the value
 257:suart.S       **** 	neg	r20		;
 258:suart.S       **** 41:	push	ZH		;
 259:suart.S       **** 	push	ZL		;
 260:suart.S       **** 	rcall	xmitval		;
 261:suart.S       **** 41:	pop	ZL		;
 262:suart.S       **** 	pop	ZH		;
 263:suart.S       **** 	rjmp	00b		;/
 264:suart.S       **** 50:	push	ZH		;Output the ROM string
 265:suart.S       **** 	push	ZL		;
 266:suart.S       **** 	rcall	xmitstr		;
 267:suart.S       **** 	rjmp	41b		;/
 268               	.endfunc
 269               	
 270               	#endif	/* USE_STRFUNCS */
 271               	#endif	/* USE_OUTPUT */
 272               	
 273               	
 274               	
 275               	#ifdef	USE_INPUT
 276               	;---------------------------------------------------------------------------;
 277               	; Receive a byte
 278               	;
 279               	;Prototype: uint8_t rcvr (void);
 280               	;Size: 19 words
 281               	
 282               	.global rcvr
 283               	.func rcvr
 284               	rcvr:
 285:suart.S       **** 	in	r0, _SFR_IO_ADDR(SREG)	;Save flags
 286               	
 287:suart.S       **** 	ldi	r24, 0x80	;Receiving shift reg
 288:suart.S       **** 	cli			;Start critical section
 289               	
 290:suart.S       **** 1:	sbic	RXREG, RXBIT	;Wait for falling edge on MOSI pin
 291:suart.S       **** 	rjmp	1b
 292:suart.S       **** 2:	sbis	RXREG, RXBIT	;Wait for rising edge on MOSI pin
 293:suart.S       **** 	rjmp	2b
 294:suart.S       **** 	ldi	r25, BPS/2	;Wait for half bit time
 295:suart.S       **** 3:	dec	r25
 296:suart.S       **** 	brne	3b
 297               	
 298:suart.S       **** 4:	ldi	r25, BPS	;----- Bit receiving loop
 299:suart.S       **** 5:	dec	r25     	;Wait for a bit time
 300:suart.S       **** 	brne	5b		;/
 301:suart.S       **** 	lsr	r24     	;Next bit
 302:suart.S       **** 	sbis	RXREG, RXBIT	;Get a bit into r24.7
 303:suart.S       **** 	ori	r24, 0x80
 304:suart.S       **** 	brcc	4b	     	;All bits received?  no, continue
 305               	
 306:suart.S       **** 	out	_SFR_IO_ADDR(SREG), r0	;End of critical section
 307:suart.S       **** 	ret
 308               	.endfunc
 309               	
 310               	
 311               	#ifdef USE_STRFUNCS
 312               	;---------------------------------------------------------------------------;
 313               	; Console input
 314               	;
 315               	;Prototype: void rcvrstr (char *buffer, uint8_t buffsize);
 316               	;Size:  24/23 words
 317               	
 318               	.global rcvrstr
 319               	.func rcvrstr
 320               	rcvrstr:
 321:suart.S       **** 	_MOVW	ZH,ZL, r25,r24	;Pointer to input buffer
 322:suart.S       **** 	ldi	r21, 1		;Character count (+'\0')
 323:suart.S       **** 0:	rcall	rcvr		;Receive a character
 324:suart.S       **** 	cpi	r24, '\r'	;Enter?
 325:suart.S       **** 	breq	9f		;/
 326:suart.S       **** 	cpi	r24, '\b'	;Backspace?
 327:suart.S       **** 	breq	2f		;/
 328:suart.S       **** 	cp	r21, r22	;Buffer full?
 329:suart.S       **** 	brcc	0b		;/
 330:suart.S       **** 	cpi	r24, ' '	;Invisible code?
 331:suart.S       **** 	brcs	0b		;/
 332:suart.S       **** 	st	Z+, r24		;Store a character
 333:suart.S       **** 	inc	r21		;count++
 334:suart.S       **** 1:	rcall	xmit		;Show the character
 335:suart.S       **** 	rjmp	0b		;Continue
 336:suart.S       **** 2:	cpi	r21, 1		;Backspace: Buffer empty?
 337:suart.S       **** 	breq	0b		;/
 338:suart.S       **** 	dec	r21		;count--
 339:suart.S       **** 	sbiw	ZL, 1		;/
 340:suart.S       **** 	rjmp	1b		;Move cursor left
 341:suart.S       **** 9:	rcall	xmit		;Return cursor.
 342:suart.S       **** 	st	Z, r1		;Terminate with a '\0' and exit
 343:suart.S       **** 	ret			;/
 344               	.endfunc
 345               	
 346               	
 347               	
 348               	;---------------------------------------------------------------------------;
 349               	; Pick a value from a string
 350               	;
 351               	;Prototype: uint8_t pickval (char **string, uint16_t *result, uint8_t base);
 352               	;Size:  61/59 words
 353               	
 354               	.global pickval
 355               	.func pickval
 356               	pickval:
 357:suart.S       **** 	_MOVW	ZH,ZL, r25,r24	;Z = pointer to pointer to numerical string
 358:suart.S       **** 	ld	XL, Z+	 	;X = pointer to numerical string
 359:suart.S       **** 	ld	XH, Z+ 		;/
 360:suart.S       **** 	clr	r18     	;r19:r18 = input register
 361:suart.S       **** 	clr	r19     	;/
 362:suart.S       **** 	clt			;Unsigned or plus value
 363               	
 364:suart.S       **** 00:	ld	r24, X  	;Skip pre-spaces
 365:suart.S       **** 	cpi	r24, '-'	;Is signed minus value?
 366:suart.S       **** 	brne	01f		;
 367:suart.S       **** 	set			;
 368:suart.S       **** 	rjmp	16f		;/
 369:suart.S       **** 01:	cpi	r24, ' '	;End of string?
 370:suart.S       **** 	brcs	90f		;/
 371:suart.S       **** 	brne	11f
 372:suart.S       **** 	adiw	XL, 1
 373:suart.S       **** 	rjmp	00b
 374               	
 375:suart.S       **** 10:	ld	r24, X  	;Numerical string => Integer conversion loop
 376:suart.S       **** 	cpi	r24, ' '+1      ;Exit if end of a number
 377:suart.S       **** 	brcs	91f	    	;/
 378:suart.S       **** 11:	cpi	r24, 'a'	;Convert a digit to sequencial number
 379:suart.S       **** 	brcs	12f	    	;
 380:suart.S       **** 	subi	r24, 0x20       ;
 381:suart.S       **** 12:	subi	r24, '0'	;
 382:suart.S       **** 	brcs	90f	    	;
 383:suart.S       **** 	cpi	r24, 10 	;
 384:suart.S       **** 	brcs	13f	    	;
 385:suart.S       **** 	cpi	r24, 17 	;
 386:suart.S       **** 	brcs	90f	    	;
 387:suart.S       **** 	subi	r24, 7  	;
 388:suart.S       **** 13:	cp	r24, r20	;
 389:suart.S       **** 	brcc	90f	    	;/
 390:suart.S       **** 	ldi	r25, 17 	;r19:r18 *= r20(base)
 391:suart.S       **** 	sub	r21, r21	;
 392:suart.S       **** 14:	brcc	15f	    	;
 393:suart.S       **** 	add	r21, r20	;
 394:suart.S       **** 15:	ror	r21     	;
 395:suart.S       **** 	ror	r19     	;
 396:suart.S       **** 	ror	r18     	;
 397:suart.S       **** 	dec	r25     	;
 398:suart.S       **** 	brne	14b	    	;/
 399:suart.S       **** 	add	r18, r24	;r19:r18 += r24(digit)
 400:suart.S       **** 	adc	r19, r1 	;/
 401:suart.S       **** 16:	adiw	XL, 1	  	;Next digit
 402:suart.S       **** 	rjmp	10b
 403               	
 404:suart.S       **** 90:	clr	r24     	;Exit with error(0)
 405:suart.S       **** 	rjmp	92f
 406:suart.S       **** 91:	ldi	r24, 1  	;Exit with successful(1)
 407:suart.S       **** 	brtc	92f	    	;Negate when minus value
 408:suart.S       **** 	com	r18     	;
 409:suart.S       **** 	com	r19     	;
 410:suart.S       **** 	adc	r18, r1 	;
 411:suart.S       **** 	adc	r19, r1 	;/
 412:suart.S       **** 92:	st	-Z, XH	 	;Store the string pointer back
 413:suart.S       **** 	st	-Z, XL	 	;/
 414:suart.S       **** 	_MOVW	ZH,ZL, r23,r22	;Store the result
 415:suart.S       **** 	st	Z+, r18 	;
 416:suart.S       **** 	st	Z+, r19 	;/
 417:suart.S       **** 	ret
 418               	.endfunc
DEFINED SYMBOLS
             suart.S:69     .text:00000000 xmit
             suart.S:101    .text:00000020 xmitstr
             suart.S:129    .text:0000002e xmitval
             suart.S:196    .text:00000094 xmitf
             suart.S:284    .text:00000114 rcvr
             suart.S:320    .text:0000013a rcvrstr
             suart.S:356    .text:00000168 pickval

NO UNDEFINED SYMBOLS
